{
    "text_content": "Sample extracted text from the analyzed file",
    "content_summary": "This file contains example content for testing file analysis functionality"
}